<html>
<body>
<pre>
<h1>µVision Build Log</h1>
<h2>Project:</h2>
C:\Keil_v5\MIniProject\MIniProject.uvproj
Project File Date:  08/28/2025

<h2>Output:</h2>
Rebuild target 'Target 1'
assembling Startup.s...
compiling PinConnect_block.c...
compiling project_main.c...
compiling rtc.c...
compiling ADC_code.c...
compiling interupt_main.c...
compiling kpm.c...
compiling Lcd.c...
compiling delay.c...
linking...
Program Size: Code=5376 RO-data=32 RW-data=128 ZI-data=1256  
FromELF: creating hex file...
".\MIniProject.axf" - 0 Error(s), 0 Warning(s).
</pre>
</body>
</html>
